// Jest Snapshot v1, https://goo.gl/fbAQLP

exports[`Header renders markup correctly 1`] = `
<header
  className="header"
>
  <div>
    <h1>
      Bilyeli
    </h1>
    <p>
      Boilerplate for React/Redux app.
    </p>
  </div>
  <div />
</header>
`;
